essas fazem forecasts forma mpi results since 
data essas fazem forecasts forma mpi results since 
area data essas fazem forecasts forma mpi results since 
area data fazem forecasts forma mpi results since 
area data fazem forecasts mpi results since 
area data fazem forecasts mpi results since 
area data fazem forecasts mpi results since 
area data forecasts mpi results since 
area data etc forecasts mpi results since 
area data etc forecasts mpi results since 
area data etc forecasts mpi results since 
area data etc forecasts receives results since solution 
